Initializing baseline (SOTA CFG / JSON Schema) model...
Initializing invariants engine...
Caching vocabulary...
0 '!'
1 '"'
2 '#'
3 '$'
4 '%'
5 '&'
6 "'"
7 '('
8 ')'
9 '*'
10 '+'
11 ','
12 '-'
13 '.'
14 '/'
15 '0'
16 '1'
17 '2'
18 '3'
19 '4'

==================================================
Evaluating: User Account Onboarding & Compliance
Domain: Identity & Access Management
==================================================

>>> Running Baseline (SOTA CFG / JSON Schema)
{"username": "Adult123", "age": 24, "country_code": "US", "is_verified": true, "terms_accepted": true}
    Passed range on 'age': 24 in [18, 120]
    Passed membership on 'country_code': 'US' in ['US', 'GB', 'DE', 'FR', 'JP']
    Passed exact_value on 'is_verified': True == True
    Passed exact_value on 'terms_accepted': True == True

>>> Running Invariants Architecture
{
  "username": "user123",
  "age": 25,
  "country_code": "GB",
  "is_verified": true,
  "terms_accepted": true
}
    Passed range on 'age': 25 in [18, 120]
    Passed membership on 'country_code': 'GB' in ['US', 'GB', 'DE', 'FR', 'JP']
    Passed exact_value on 'is_verified': True == True
    Passed exact_value on 'terms_accepted': True == True

--- Summary for L1_user_onboarding ---
Baseline   | Success: True | Speed: 3.23 t/s | Tokens: 37
Invariants | Success: True | Speed: 1.06 t/s | Tokens: 11 (2 fields bypassed)

==================================================
Evaluating: Industrial IoT Sensor Telemetry
Domain: Embedded Systems & IoT
==================================================

>>> Running Baseline (SOTA CFG / JSON Schema)
{"device_id": "envMonitor123", "temperature_c": 22.5, "humidity_pct": 35.7, "battery_level": 95, "status": "OK"}
    Passed range on 'temperature_c': 22.5 in [-40.0, 85.0]
    Passed range on 'humidity_pct': 35.7 in [0.0, 100.0]
    Passed range on 'battery_level': 95 in [0, 100]
    Passed membership on 'status': 'OK' in ['OK', 'WARNING', 'CRITICAL']

>>> Running Invariants Architecture
{
  "device_id": "user123",
  "temperature_c": 23.5,
  "humidity_pct": 45.3,
  "battery_level": 92,
  "status": "CRITICAL"
}
    Passed range on 'temperature_c': 23.5 in [-40.0, 85.0]
    Passed range on 'humidity_pct': 45.3 in [0.0, 100.0]
    Passed range on 'battery_level': 92 in [0, 100]
    Passed membership on 'status': 'CRITICAL' in ['OK', 'WARNING', 'CRITICAL']

--- Summary for L1_iot_telemetry ---
Baseline   | Success: True | Speed: 3.34 t/s | Tokens: 46
Invariants | Success: True | Speed: 1.69 t/s | Tokens: 23 (0 fields bypassed)

==================================================
Evaluating: Cloud VPC Security Group Rule
Domain: Cloud Infrastructure & Networking
==================================================

>>> Running Baseline (SOTA CFG / JSON Schema)
{"rule_name": "InboundTraffic", "protocol": "TCP", "port": 0, "direction": "INGRESS", "priority": 100, "is_enabled": true}
    Passed membership on 'protocol': 'TCP' in ['TCP', 'UDP', 'ICMP']
    Failed range on 'port': 0 in [1, 65535]
    Passed membership on 'direction': 'INGRESS' in ['INGRESS', 'EGRESS']
    Passed range on 'priority': 100 in [10, 1000]
    Passed exact_value on 'is_enabled': True == True

>>> Running Invariants Architecture
{
  "rule_name": "log_inbound_traffic",
  "protocol": "ICMP",
  "port": 1,
  "direction": "INGRESS",
  "priority": 100,
  "is_enabled": true
}
    Passed membership on 'protocol': 'ICMP' in ['TCP', 'UDP', 'ICMP']
    Passed range on 'port': 1 in [1, 65535]
    Passed membership on 'direction': 'INGRESS' in ['INGRESS', 'EGRESS']
    Passed range on 'priority': 100 in [10, 1000]
    Passed exact_value on 'is_enabled': True == True

--- Summary for L1_network_security_rule ---
Baseline   | Success: False | Speed: 3.36 t/s | Tokens: 42
Invariants | Success: True | Speed: 1.45 t/s | Tokens: 18 (1 fields bypassed)

Benchmarks complete for suite 'schemas_l1'.
  Transcript: benchmarks/results/schemas_l1/20260904_040946/run.log
  CSV:        benchmarks/results/schemas_l1/20260904_040946/results.csv
  JSON:       benchmarks/results/schemas_l1/20260904_040946/results.json
